<html>
<body>
<pre>
<h1>礦ision Build Log</h1>
<h2>Tool Versions:</h2>
IDE-Version: μVision V5.14.0.0
Copyright (C) 2015 ARM Ltd and ARM Germany GmbH. All rights reserved.
License Information: LONG YINGBAO, HUANONG, LIC=X1EY8-3JK04-052TY-I5T5I-0HQER-AF8X7
 
Tool Versions:
Toolchain:       MDK-ARM Professional  Version: 5.14.0.0
Toolchain Path:  D:\MDK5.14\ARM\ARMCC\Bin
C Compiler:      Armcc.exe V5.05 update 1 (build 106)
Assembler:       Armasm.exe V5.05 update 1 (build 106)
Linker/Locator:  ArmLink.exe V5.05 update 1 (build 106)
Library Manager: ArmAr.exe V5.05 update 1 (build 106)
Hex Converter:   FromElf.exe V5.05 update 1 (build 106)
CPU DLL:         SARMCM3.DLL V5.14.0.0
Dialog DLL:      DCM.DLL V1.13.1.0
Target DLL:      STLink\ST-LINKIII-KEIL_SWO.dll V2.0.14.0_KEIL
Dialog DLL:      TCM.DLL V1.14.4.0
 
<h2>Project:</h2>
E:\机器人实验室\东方特训2\小银4号(0的平移自调改动，平移重写)\USER\PWM.uvprojx
Project File Date:  08/02/2019

<h2>Output:</h2>
Build target 'PWM'
compiling step.c...
linking...
Program Size: Code=27396 RO-data=512 RW-data=3916 ZI-data=1884  
FromELF: creating hex file...
"..\OBJ\PWM.axf" - 0 Error(s), 0 Warning(s).

<h2>Collection of Component include folders:</h2>
  E:\机器人实验室\东方特训2\小银4号(0的平移自调改动，平移重写)\USER\RTE
  D:\MDK5.14\ARM\PACK\Keil\STM32F1xx_DFP\1.0.5\Device\Include

<h2>Collection of Component Files used:</h2>
</pre>
</body>
</html>
